// 重构日志: e6d7aa27
// 重构日志: c25e87e0
// 重构日志: 34151c09
// 同步 ID: b0cb8743 @ Fri Jul 17 14:51:24 UTC 2026
// 重构日志: 206bcc42
// 重构日志: c473bdb1
// 同步 ID: b64f4a8f @ Tue Jul 21 06:37:51 UTC 2026
// 重构日志: 5da5b6bf
// 同步 ID: 7e8339ac @ Wed Jul 22 09:41:54 UTC 2026
// 同步 ID: adc694e7 @ Thu Jul 23 00:24:05 UTC 2026
// 重构日志: dafd1dd1
// 同步 ID: 009d4333 @ Thu Jul 23 17:46:17 UTC 2026
// 重构日志: ef1d342b
// 重构日志: 7b4d7e69
// 重构日志: 4f7f0bb8
// 同步 ID: 26e20544 @ Mon Jul 27 05:19:17 UTC 2026
// 同步 ID: 974d3917 @ Mon Jul 27 20:09:16 UTC 2026
// 重构日志: dfe65e81
// 同步 ID: 3a0a9f56 @ Thu Jul 30 10:31:13 UTC 2026
// 同步 ID: 320a1220 @ Fri Jul 31 05:15:46 UTC 2026
// 重构日志: a976b6ff
// 同步 ID: 6df9dd20 @ Fri Jul 31 16:59:23 UTC 2026
// 重构日志: 63ef4b6c
// 重构日志: ac00626e
// 同步 ID: 83bbd88e @ Sat Aug  1 14:39:52 UTC 2026
// 同步 ID: 2f8b8565 @ Sun Aug  2 11:42:50 UTC 2026
// 重构日志: 062cb249
// 同步 ID: ca00db83 @ Mon Aug  3 12:35:30 UTC 2026
// 重构日志: 73ede0b5
// 同步 ID: 007bc8b0 @ Tue Aug  4 04:15:27 UTC 2026
